error: LibreOffice failed to start
info: user logged in
error: saved file corrupted
